../Core/Inc/LCD/LCD_1inch28.c:26:13:LCD_1IN28_Reset	8	static
../Core/Inc/LCD/LCD_1inch28.c:41:13:LCD_1IN28_SendCommand	16	static
../Core/Inc/LCD/LCD_1inch28.c:54:13:LCD_1IN28_SendData_8Bit	16	static
../Core/Inc/LCD/LCD_1inch28.c:67:13:LCD_1IN28_SendData_16Bit	16	static
../Core/Inc/LCD/LCD_1inch28.c:80:13:LCD_1IN28_InitReg	8	static
../Core/Inc/LCD/LCD_1inch28.c:323:13:LCD_1IN28_SetAttributes	24	static
../Core/Inc/LCD/LCD_1inch28.c:349:6:LCD_1IN28_Init	16	static
../Core/Inc/LCD/LCD_1inch28.c:374:6:LCD_1IN28_SetWindows	24	static
../Core/Inc/LCD/LCD_1inch28.c:397:6:LCD_1IN28_Clear	24	static
../Core/Inc/LCD/LCD_1inch28.c:415:6:LCD_1IN28_Display	24	static
../Core/Inc/LCD/LCD_1inch28.c:428:6:LCD_1IN28_DisplayWindows	32	static
../Core/Inc/LCD/LCD_1inch28.c:452:6:LCD_1IN28_DrawPaint	16	static
../Core/Inc/LCD/LCD_1inch28.c:464:6:LCD_1IN28_SetBackLight	16	static
